// Jest Snapshot v1, https://goo.gl/fbAQLP

exports[`optimal-surplus should return calculations for a range of different surplus 1`] = `
Array [
  Object {
    "dividends": 0,
    "grossIncome": 1315701,
    "netIncome": 842620,
    "salaryAboveSevenG": true,
    "salaryBasis": 1712700,
    "surplus": 0,
    "total": 842620,
  },
  Object {
    "dividends": 5055,
    "grossIncome": 1307982,
    "netIncome": 838483,
    "salaryAboveSevenG": true,
    "salaryBasis": 1702700,
    "surplus": 10000,
    "total": 843538,
  },
  Object {
    "dividends": 10109,
    "grossIncome": 1300314,
    "netIncome": 834373,
    "salaryAboveSevenG": true,
    "salaryBasis": 1692700,
    "surplus": 20000,
    "total": 844482,
  },
  Object {
    "dividends": 15164,
    "grossIncome": 1292645,
    "netIncome": 830264,
    "salaryAboveSevenG": true,
    "salaryBasis": 1682700,
    "surplus": 30000,
    "total": 845428,
  },
  Object {
    "dividends": 20218,
    "grossIncome": 1284977,
    "netIncome": 826153,
    "salaryAboveSevenG": true,
    "salaryBasis": 1672700,
    "surplus": 40000,
    "total": 846371,
  },
  Object {
    "dividends": 25272,
    "grossIncome": 1277308,
    "netIncome": 822043,
    "salaryAboveSevenG": true,
    "salaryBasis": 1662700,
    "surplus": 50000,
    "total": 847315,
  },
  Object {
    "dividends": 30327,
    "grossIncome": 1269640,
    "netIncome": 817932,
    "salaryAboveSevenG": true,
    "salaryBasis": 1652700,
    "surplus": 60000,
    "total": 848259,
  },
  Object {
    "dividends": 35381,
    "grossIncome": 1261971,
    "netIncome": 813822,
    "salaryAboveSevenG": true,
    "salaryBasis": 1642700,
    "surplus": 70000,
    "total": 849203,
  },
  Object {
    "dividends": 40436,
    "grossIncome": 1254302,
    "netIncome": 809711,
    "salaryAboveSevenG": true,
    "salaryBasis": 1632700,
    "surplus": 80000,
    "total": 850147,
  },
  Object {
    "dividends": 45490,
    "grossIncome": 1246633,
    "netIncome": 805600,
    "salaryAboveSevenG": true,
    "salaryBasis": 1622700,
    "surplus": 90000,
    "total": 851090,
  },
  Object {
    "dividends": 50544,
    "grossIncome": 1238965,
    "netIncome": 801490,
    "salaryAboveSevenG": true,
    "salaryBasis": 1612700,
    "surplus": 100000,
    "total": 852034,
  },
  Object {
    "dividends": 55599,
    "grossIncome": 1231296,
    "netIncome": 797380,
    "salaryAboveSevenG": true,
    "salaryBasis": 1602700,
    "surplus": 110000,
    "total": 852979,
  },
  Object {
    "dividends": 60653,
    "grossIncome": 1223627,
    "netIncome": 793269,
    "salaryAboveSevenG": true,
    "salaryBasis": 1592700,
    "surplus": 120000,
    "total": 853922,
  },
  Object {
    "dividends": 65708,
    "grossIncome": 1215958,
    "netIncome": 789159,
    "salaryAboveSevenG": true,
    "salaryBasis": 1582700,
    "surplus": 130000,
    "total": 854867,
  },
  Object {
    "dividends": 70762,
    "grossIncome": 1208290,
    "netIncome": 785049,
    "salaryAboveSevenG": true,
    "salaryBasis": 1572700,
    "surplus": 140000,
    "total": 855811,
  },
  Object {
    "dividends": 75816,
    "grossIncome": 1200621,
    "netIncome": 780938,
    "salaryAboveSevenG": true,
    "salaryBasis": 1562700,
    "surplus": 150000,
    "total": 856754,
  },
  Object {
    "dividends": 80871,
    "grossIncome": 1192952,
    "netIncome": 776827,
    "salaryAboveSevenG": true,
    "salaryBasis": 1552700,
    "surplus": 160000,
    "total": 857698,
  },
  Object {
    "dividends": 85925,
    "grossIncome": 1185283,
    "netIncome": 772717,
    "salaryAboveSevenG": true,
    "salaryBasis": 1542700,
    "surplus": 170000,
    "total": 858642,
  },
  Object {
    "dividends": 90980,
    "grossIncome": 1177615,
    "netIncome": 768606,
    "salaryAboveSevenG": true,
    "salaryBasis": 1532700,
    "surplus": 180000,
    "total": 859586,
  },
  Object {
    "dividends": 96034,
    "grossIncome": 1169946,
    "netIncome": 764496,
    "salaryAboveSevenG": true,
    "salaryBasis": 1522700,
    "surplus": 190000,
    "total": 860530,
  },
  Object {
    "dividends": 101088,
    "grossIncome": 1162277,
    "netIncome": 760386,
    "salaryAboveSevenG": true,
    "salaryBasis": 1512700,
    "surplus": 200000,
    "total": 861474,
  },
  Object {
    "dividends": 106143,
    "grossIncome": 1154608,
    "netIncome": 756276,
    "salaryAboveSevenG": true,
    "salaryBasis": 1502700,
    "surplus": 210000,
    "total": 862419,
  },
  Object {
    "dividends": 111197,
    "grossIncome": 1146940,
    "netIncome": 752165,
    "salaryAboveSevenG": true,
    "salaryBasis": 1492700,
    "surplus": 220000,
    "total": 863362,
  },
  Object {
    "dividends": 116252,
    "grossIncome": 1139271,
    "netIncome": 748055,
    "salaryAboveSevenG": true,
    "salaryBasis": 1482700,
    "surplus": 230000,
    "total": 864307,
  },
  Object {
    "dividends": 121306,
    "grossIncome": 1131602,
    "netIncome": 743944,
    "salaryAboveSevenG": true,
    "salaryBasis": 1472700,
    "surplus": 240000,
    "total": 865250,
  },
  Object {
    "dividends": 126360,
    "grossIncome": 1123933,
    "netIncome": 739833,
    "salaryAboveSevenG": true,
    "salaryBasis": 1462700,
    "surplus": 250000,
    "total": 866193,
  },
  Object {
    "dividends": 131415,
    "grossIncome": 1116265,
    "netIncome": 735723,
    "salaryAboveSevenG": true,
    "salaryBasis": 1452700,
    "surplus": 260000,
    "total": 867138,
  },
  Object {
    "dividends": 136469,
    "grossIncome": 1108596,
    "netIncome": 731613,
    "salaryAboveSevenG": true,
    "salaryBasis": 1442700,
    "surplus": 270000,
    "total": 868082,
  },
  Object {
    "dividends": 141524,
    "grossIncome": 1100927,
    "netIncome": 727502,
    "salaryAboveSevenG": true,
    "salaryBasis": 1432700,
    "surplus": 280000,
    "total": 869026,
  },
  Object {
    "dividends": 146578,
    "grossIncome": 1093258,
    "netIncome": 723392,
    "salaryAboveSevenG": true,
    "salaryBasis": 1422700,
    "surplus": 290000,
    "total": 869970,
  },
  Object {
    "dividends": 151632,
    "grossIncome": 1085590,
    "netIncome": 719282,
    "salaryAboveSevenG": true,
    "salaryBasis": 1412700,
    "surplus": 300000,
    "total": 870914,
  },
  Object {
    "dividends": 156687,
    "grossIncome": 1077921,
    "netIncome": 715171,
    "salaryAboveSevenG": true,
    "salaryBasis": 1402700,
    "surplus": 310000,
    "total": 871858,
  },
  Object {
    "dividends": 161741,
    "grossIncome": 1070252,
    "netIncome": 711060,
    "salaryAboveSevenG": true,
    "salaryBasis": 1392700,
    "surplus": 320000,
    "total": 872801,
  },
  Object {
    "dividends": 166796,
    "grossIncome": 1062583,
    "netIncome": 706950,
    "salaryAboveSevenG": true,
    "salaryBasis": 1382700,
    "surplus": 330000,
    "total": 873746,
  },
  Object {
    "dividends": 171850,
    "grossIncome": 1054915,
    "netIncome": 702839,
    "salaryAboveSevenG": true,
    "salaryBasis": 1372700,
    "surplus": 340000,
    "total": 874689,
  },
  Object {
    "dividends": 176904,
    "grossIncome": 1047246,
    "netIncome": 698729,
    "salaryAboveSevenG": true,
    "salaryBasis": 1362700,
    "surplus": 350000,
    "total": 875633,
  },
  Object {
    "dividends": 181959,
    "grossIncome": 1039578,
    "netIncome": 694619,
    "salaryAboveSevenG": true,
    "salaryBasis": 1352700,
    "surplus": 360000,
    "total": 876578,
  },
  Object {
    "dividends": 187013,
    "grossIncome": 1031908,
    "netIncome": 690508,
    "salaryAboveSevenG": true,
    "salaryBasis": 1342700,
    "surplus": 370000,
    "total": 877521,
  },
  Object {
    "dividends": 192068,
    "grossIncome": 1024240,
    "netIncome": 686398,
    "salaryAboveSevenG": true,
    "salaryBasis": 1332700,
    "surplus": 380000,
    "total": 878466,
  },
  Object {
    "dividends": 197122,
    "grossIncome": 1016571,
    "netIncome": 682288,
    "salaryAboveSevenG": true,
    "salaryBasis": 1322700,
    "surplus": 390000,
    "total": 879410,
  },
  Object {
    "dividends": 202176,
    "grossIncome": 1008903,
    "netIncome": 678177,
    "salaryAboveSevenG": true,
    "salaryBasis": 1312700,
    "surplus": 400000,
    "total": 880353,
  },
  Object {
    "dividends": 207231,
    "grossIncome": 1001234,
    "netIncome": 674067,
    "salaryAboveSevenG": true,
    "salaryBasis": 1302700,
    "surplus": 410000,
    "total": 881298,
  },
  Object {
    "dividends": 212285,
    "grossIncome": 993566,
    "netIncome": 669956,
    "salaryAboveSevenG": true,
    "salaryBasis": 1292700,
    "surplus": 420000,
    "total": 882241,
  },
  Object {
    "dividends": 217340,
    "grossIncome": 985897,
    "netIncome": 665846,
    "salaryAboveSevenG": true,
    "salaryBasis": 1282700,
    "surplus": 430000,
    "total": 883186,
  },
  Object {
    "dividends": 222394,
    "grossIncome": 978229,
    "netIncome": 661736,
    "salaryAboveSevenG": true,
    "salaryBasis": 1272700,
    "surplus": 440000,
    "total": 884130,
  },
  Object {
    "dividends": 227448,
    "grossIncome": 970559,
    "netIncome": 657626,
    "salaryAboveSevenG": true,
    "salaryBasis": 1262700,
    "surplus": 450000,
    "total": 885074,
  },
  Object {
    "dividends": 232503,
    "grossIncome": 962891,
    "netIncome": 653324,
    "salaryAboveSevenG": true,
    "salaryBasis": 1252700,
    "surplus": 460000,
    "total": 885827,
  },
  Object {
    "dividends": 237557,
    "grossIncome": 955222,
    "netIncome": 648985,
    "salaryAboveSevenG": true,
    "salaryBasis": 1242700,
    "surplus": 470000,
    "total": 886542,
  },
  Object {
    "dividends": 242612,
    "grossIncome": 947554,
    "netIncome": 644644,
    "salaryAboveSevenG": true,
    "salaryBasis": 1232700,
    "surplus": 480000,
    "total": 887256,
  },
  Object {
    "dividends": 247666,
    "grossIncome": 939884,
    "netIncome": 640303,
    "salaryAboveSevenG": true,
    "salaryBasis": 1222700,
    "surplus": 490000,
    "total": 887969,
  },
  Object {
    "dividends": 252720,
    "grossIncome": 932216,
    "netIncome": 635963,
    "salaryAboveSevenG": true,
    "salaryBasis": 1212700,
    "surplus": 500000,
    "total": 888683,
  },
  Object {
    "dividends": 257775,
    "grossIncome": 924547,
    "netIncome": 631622,
    "salaryAboveSevenG": true,
    "salaryBasis": 1202700,
    "surplus": 510000,
    "total": 889397,
  },
  Object {
    "dividends": 262829,
    "grossIncome": 916879,
    "netIncome": 627282,
    "salaryAboveSevenG": true,
    "salaryBasis": 1192700,
    "surplus": 520000,
    "total": 890111,
  },
  Object {
    "dividends": 267884,
    "grossIncome": 909209,
    "netIncome": 622942,
    "salaryAboveSevenG": true,
    "salaryBasis": 1182700,
    "surplus": 530000,
    "total": 890826,
  },
  Object {
    "dividends": 272938,
    "grossIncome": 901541,
    "netIncome": 618600,
    "salaryAboveSevenG": true,
    "salaryBasis": 1172700,
    "surplus": 540000,
    "total": 891538,
  },
  Object {
    "dividends": 277992,
    "grossIncome": 893872,
    "netIncome": 614261,
    "salaryAboveSevenG": true,
    "salaryBasis": 1162700,
    "surplus": 550000,
    "total": 892253,
  },
  Object {
    "dividends": 283047,
    "grossIncome": 886204,
    "netIncome": 609920,
    "salaryAboveSevenG": true,
    "salaryBasis": 1152700,
    "surplus": 560000,
    "total": 892967,
  },
  Object {
    "dividends": 288101,
    "grossIncome": 878534,
    "netIncome": 605579,
    "salaryAboveSevenG": true,
    "salaryBasis": 1142700,
    "surplus": 570000,
    "total": 893680,
  },
  Object {
    "dividends": 293156,
    "grossIncome": 870866,
    "netIncome": 601239,
    "salaryAboveSevenG": true,
    "salaryBasis": 1132700,
    "surplus": 580000,
    "total": 894395,
  },
  Object {
    "dividends": 298210,
    "grossIncome": 863197,
    "netIncome": 596898,
    "salaryAboveSevenG": true,
    "salaryBasis": 1122700,
    "surplus": 590000,
    "total": 895108,
  },
  Object {
    "dividends": 303264,
    "grossIncome": 855529,
    "netIncome": 592558,
    "salaryAboveSevenG": true,
    "salaryBasis": 1112700,
    "surplus": 600000,
    "total": 895822,
  },
  Object {
    "dividends": 308319,
    "grossIncome": 847859,
    "netIncome": 588218,
    "salaryAboveSevenG": true,
    "salaryBasis": 1102700,
    "surplus": 610000,
    "total": 896537,
  },
  Object {
    "dividends": 313373,
    "grossIncome": 840191,
    "netIncome": 583876,
    "salaryAboveSevenG": true,
    "salaryBasis": 1092700,
    "surplus": 620000,
    "total": 897249,
  },
  Object {
    "dividends": 318428,
    "grossIncome": 832522,
    "netIncome": 579537,
    "salaryAboveSevenG": true,
    "salaryBasis": 1082700,
    "surplus": 630000,
    "total": 897965,
  },
  Object {
    "dividends": 323482,
    "grossIncome": 824854,
    "netIncome": 575196,
    "salaryAboveSevenG": true,
    "salaryBasis": 1072700,
    "surplus": 640000,
    "total": 898678,
  },
  Object {
    "dividends": 328536,
    "grossIncome": 817184,
    "netIncome": 570855,
    "salaryAboveSevenG": true,
    "salaryBasis": 1062700,
    "surplus": 650000,
    "total": 899391,
  },
  Object {
    "dividends": 333591,
    "grossIncome": 809516,
    "netIncome": 566515,
    "salaryAboveSevenG": true,
    "salaryBasis": 1052700,
    "surplus": 660000,
    "total": 900106,
  },
  Object {
    "dividends": 338645,
    "grossIncome": 801847,
    "netIncome": 562174,
    "salaryAboveSevenG": true,
    "salaryBasis": 1042700,
    "surplus": 670000,
    "total": 900819,
  },
  Object {
    "dividends": 343700,
    "grossIncome": 794179,
    "netIncome": 557834,
    "salaryAboveSevenG": true,
    "salaryBasis": 1032700,
    "surplus": 680000,
    "total": 901534,
  },
  Object {
    "dividends": 348754,
    "grossIncome": 786510,
    "netIncome": 553493,
    "salaryAboveSevenG": false,
    "salaryBasis": 1022700,
    "surplus": 690000,
    "total": 902247,
  },
  Object {
    "dividends": 353808,
    "grossIncome": 778841,
    "netIncome": 549152,
    "salaryAboveSevenG": false,
    "salaryBasis": 1012700,
    "surplus": 700000,
    "total": 902960,
  },
  Object {
    "dividends": 358863,
    "grossIncome": 771172,
    "netIncome": 544813,
    "salaryAboveSevenG": false,
    "salaryBasis": 1002700,
    "surplus": 710000,
    "total": 903676,
  },
  Object {
    "dividends": 363917,
    "grossIncome": 763504,
    "netIncome": 540472,
    "salaryAboveSevenG": false,
    "salaryBasis": 992700,
    "surplus": 720000,
    "total": 904389,
  },
  Object {
    "dividends": 368972,
    "grossIncome": 755835,
    "netIncome": 536132,
    "salaryAboveSevenG": false,
    "salaryBasis": 982700,
    "surplus": 730000,
    "total": 905104,
  },
  Object {
    "dividends": 374026,
    "grossIncome": 748166,
    "netIncome": 531790,
    "salaryAboveSevenG": false,
    "salaryBasis": 972700,
    "surplus": 740000,
    "total": 905816,
  },
  Object {
    "dividends": 379080,
    "grossIncome": 740497,
    "netIncome": 527450,
    "salaryAboveSevenG": false,
    "salaryBasis": 962700,
    "surplus": 750000,
    "total": 906530,
  },
  Object {
    "dividends": 384135,
    "grossIncome": 732829,
    "netIncome": 523110,
    "salaryAboveSevenG": false,
    "salaryBasis": 952700,
    "surplus": 760000,
    "total": 907245,
  },
  Object {
    "dividends": 389189,
    "grossIncome": 725160,
    "netIncome": 518769,
    "salaryAboveSevenG": false,
    "salaryBasis": 942700,
    "surplus": 770000,
    "total": 907958,
  },
  Object {
    "dividends": 394244,
    "grossIncome": 717492,
    "netIncome": 514429,
    "salaryAboveSevenG": false,
    "salaryBasis": 932700,
    "surplus": 780000,
    "total": 908673,
  },
  Object {
    "dividends": 399298,
    "grossIncome": 709823,
    "netIncome": 510088,
    "salaryAboveSevenG": false,
    "salaryBasis": 922700,
    "surplus": 790000,
    "total": 909386,
  },
  Object {
    "dividends": 404352,
    "grossIncome": 702155,
    "netIncome": 505748,
    "salaryAboveSevenG": false,
    "salaryBasis": 912700,
    "surplus": 800000,
    "total": 910100,
  },
  Object {
    "dividends": 409407,
    "grossIncome": 694486,
    "netIncome": 501409,
    "salaryAboveSevenG": false,
    "salaryBasis": 902700,
    "surplus": 810000,
    "total": 910816,
  },
  Object {
    "dividends": 414461,
    "grossIncome": 686817,
    "netIncome": 497067,
    "salaryAboveSevenG": false,
    "salaryBasis": 892700,
    "surplus": 820000,
    "total": 911528,
  },
  Object {
    "dividends": 419516,
    "grossIncome": 679148,
    "netIncome": 492727,
    "salaryAboveSevenG": false,
    "salaryBasis": 882700,
    "surplus": 830000,
    "total": 912243,
  },
  Object {
    "dividends": 424570,
    "grossIncome": 671480,
    "netIncome": 488386,
    "salaryAboveSevenG": false,
    "salaryBasis": 872700,
    "surplus": 840000,
    "total": 912956,
  },
  Object {
    "dividends": 429624,
    "grossIncome": 663811,
    "netIncome": 484046,
    "salaryAboveSevenG": false,
    "salaryBasis": 862700,
    "surplus": 850000,
    "total": 913670,
  },
  Object {
    "dividends": 434679,
    "grossIncome": 656142,
    "netIncome": 479705,
    "salaryAboveSevenG": false,
    "salaryBasis": 852700,
    "surplus": 860000,
    "total": 914384,
  },
  Object {
    "dividends": 439733,
    "grossIncome": 648473,
    "netIncome": 475364,
    "salaryAboveSevenG": false,
    "salaryBasis": 842700,
    "surplus": 870000,
    "total": 915097,
  },
  Object {
    "dividends": 444788,
    "grossIncome": 640805,
    "netIncome": 470742,
    "salaryAboveSevenG": false,
    "salaryBasis": 832700,
    "surplus": 880000,
    "total": 915530,
  },
  Object {
    "dividends": 449842,
    "grossIncome": 633136,
    "netIncome": 465682,
    "salaryAboveSevenG": false,
    "salaryBasis": 822700,
    "surplus": 890000,
    "total": 915524,
  },
  Object {
    "dividends": 454896,
    "grossIncome": 625467,
    "netIncome": 460620,
    "salaryAboveSevenG": false,
    "salaryBasis": 812700,
    "surplus": 900000,
    "total": 915516,
  },
  Object {
    "dividends": 459951,
    "grossIncome": 617798,
    "netIncome": 455559,
    "salaryAboveSevenG": false,
    "salaryBasis": 802700,
    "surplus": 910000,
    "total": 915510,
  },
  Object {
    "dividends": 465005,
    "grossIncome": 610130,
    "netIncome": 450497,
    "salaryAboveSevenG": false,
    "salaryBasis": 792700,
    "surplus": 920000,
    "total": 915502,
  },
  Object {
    "dividends": 470060,
    "grossIncome": 602461,
    "netIncome": 445436,
    "salaryAboveSevenG": false,
    "salaryBasis": 782700,
    "surplus": 930000,
    "total": 915496,
  },
  Object {
    "dividends": 475114,
    "grossIncome": 594792,
    "netIncome": 440374,
    "salaryAboveSevenG": false,
    "salaryBasis": 772700,
    "surplus": 940000,
    "total": 915488,
  },
  Object {
    "dividends": 480168,
    "grossIncome": 587123,
    "netIncome": 435313,
    "salaryAboveSevenG": false,
    "salaryBasis": 762700,
    "surplus": 950000,
    "total": 915481,
  },
  Object {
    "dividends": 485223,
    "grossIncome": 579455,
    "netIncome": 430251,
    "salaryAboveSevenG": false,
    "salaryBasis": 752700,
    "surplus": 960000,
    "total": 915474,
  },
  Object {
    "dividends": 490277,
    "grossIncome": 571786,
    "netIncome": 425191,
    "salaryAboveSevenG": false,
    "salaryBasis": 742700,
    "surplus": 970000,
    "total": 915468,
  },
  Object {
    "dividends": 495332,
    "grossIncome": 564118,
    "netIncome": 420130,
    "salaryAboveSevenG": false,
    "salaryBasis": 732700,
    "surplus": 980000,
    "total": 915462,
  },
  Object {
    "dividends": 500386,
    "grossIncome": 556448,
    "netIncome": 415068,
    "salaryAboveSevenG": false,
    "salaryBasis": 722700,
    "surplus": 990000,
    "total": 915454,
  },
  Object {
    "dividends": 505440,
    "grossIncome": 548780,
    "netIncome": 410006,
    "salaryAboveSevenG": false,
    "salaryBasis": 712700,
    "surplus": 1000000,
    "total": 915446,
  },
  Object {
    "dividends": 510495,
    "grossIncome": 541111,
    "netIncome": 404945,
    "salaryAboveSevenG": false,
    "salaryBasis": 702700,
    "surplus": 1010000,
    "total": 915440,
  },
  Object {
    "dividends": 515549,
    "grossIncome": 533443,
    "netIncome": 399884,
    "salaryAboveSevenG": false,
    "salaryBasis": 692700,
    "surplus": 1020000,
    "total": 915433,
  },
  Object {
    "dividends": 520604,
    "grossIncome": 525773,
    "netIncome": 394822,
    "salaryAboveSevenG": false,
    "salaryBasis": 682700,
    "surplus": 1030000,
    "total": 915426,
  },
  Object {
    "dividends": 525658,
    "grossIncome": 518105,
    "netIncome": 389760,
    "salaryAboveSevenG": false,
    "salaryBasis": 672700,
    "surplus": 1040000,
    "total": 915418,
  },
  Object {
    "dividends": 530712,
    "grossIncome": 510436,
    "netIncome": 384700,
    "salaryAboveSevenG": false,
    "salaryBasis": 662700,
    "surplus": 1050000,
    "total": 915412,
  },
  Object {
    "dividends": 535767,
    "grossIncome": 502768,
    "netIncome": 379639,
    "salaryAboveSevenG": false,
    "salaryBasis": 652700,
    "surplus": 1060000,
    "total": 915406,
  },
  Object {
    "dividends": 540821,
    "grossIncome": 495098,
    "netIncome": 374577,
    "salaryAboveSevenG": false,
    "salaryBasis": 642700,
    "surplus": 1070000,
    "total": 915398,
  },
  Object {
    "dividends": 545876,
    "grossIncome": 487430,
    "netIncome": 369515,
    "salaryAboveSevenG": false,
    "salaryBasis": 632700,
    "surplus": 1080000,
    "total": 915391,
  },
  Object {
    "dividends": 550930,
    "grossIncome": 479761,
    "netIncome": 364454,
    "salaryAboveSevenG": false,
    "salaryBasis": 622700,
    "surplus": 1090000,
    "total": 915384,
  },
  Object {
    "dividends": 555984,
    "grossIncome": 472093,
    "netIncome": 359393,
    "salaryAboveSevenG": false,
    "salaryBasis": 612700,
    "surplus": 1100000,
    "total": 915377,
  },
  Object {
    "dividends": 561039,
    "grossIncome": 464424,
    "netIncome": 354332,
    "salaryAboveSevenG": false,
    "salaryBasis": 602700,
    "surplus": 1110000,
    "total": 915371,
  },
  Object {
    "dividends": 566093,
    "grossIncome": 456755,
    "netIncome": 349269,
    "salaryAboveSevenG": false,
    "salaryBasis": 592700,
    "surplus": 1120000,
    "total": 915362,
  },
  Object {
    "dividends": 571148,
    "grossIncome": 449087,
    "netIncome": 344209,
    "salaryAboveSevenG": false,
    "salaryBasis": 582700,
    "surplus": 1130000,
    "total": 915357,
  },
  Object {
    "dividends": 576202,
    "grossIncome": 441418,
    "netIncome": 339148,
    "salaryAboveSevenG": false,
    "salaryBasis": 572700,
    "surplus": 1140000,
    "total": 915350,
  },
  Object {
    "dividends": 581256,
    "grossIncome": 433749,
    "netIncome": 334087,
    "salaryAboveSevenG": false,
    "salaryBasis": 562700,
    "surplus": 1150000,
    "total": 915343,
  },
  Object {
    "dividends": 586311,
    "grossIncome": 426080,
    "netIncome": 329024,
    "salaryAboveSevenG": false,
    "salaryBasis": 552700,
    "surplus": 1160000,
    "total": 915335,
  },
  Object {
    "dividends": 591365,
    "grossIncome": 418412,
    "netIncome": 323964,
    "salaryAboveSevenG": false,
    "salaryBasis": 542700,
    "surplus": 1170000,
    "total": 915329,
  },
  Object {
    "dividends": 596420,
    "grossIncome": 410743,
    "netIncome": 318902,
    "salaryAboveSevenG": false,
    "salaryBasis": 532700,
    "surplus": 1180000,
    "total": 915322,
  },
  Object {
    "dividends": 601474,
    "grossIncome": 403075,
    "netIncome": 313840,
    "salaryAboveSevenG": false,
    "salaryBasis": 522700,
    "surplus": 1190000,
    "total": 915314,
  },
  Object {
    "dividends": 606528,
    "grossIncome": 395406,
    "netIncome": 308779,
    "salaryAboveSevenG": false,
    "salaryBasis": 512700,
    "surplus": 1200000,
    "total": 915307,
  },
  Object {
    "dividends": 611583,
    "grossIncome": 387738,
    "netIncome": 303718,
    "salaryAboveSevenG": false,
    "salaryBasis": 502700,
    "surplus": 1210000,
    "total": 915301,
  },
  Object {
    "dividends": 616637,
    "grossIncome": 380069,
    "netIncome": 298657,
    "salaryAboveSevenG": false,
    "salaryBasis": 492700,
    "surplus": 1220000,
    "total": 915294,
  },
  Object {
    "dividends": 621692,
    "grossIncome": 372400,
    "netIncome": 293594,
    "salaryAboveSevenG": false,
    "salaryBasis": 482700,
    "surplus": 1230000,
    "total": 915286,
  },
  Object {
    "dividends": 626746,
    "grossIncome": 364731,
    "netIncome": 288534,
    "salaryAboveSevenG": false,
    "salaryBasis": 472700,
    "surplus": 1240000,
    "total": 915280,
  },
  Object {
    "dividends": 631800,
    "grossIncome": 357063,
    "netIncome": 283473,
    "salaryAboveSevenG": false,
    "salaryBasis": 462700,
    "surplus": 1250000,
    "total": 915273,
  },
  Object {
    "dividends": 636855,
    "grossIncome": 349394,
    "netIncome": 278412,
    "salaryAboveSevenG": false,
    "salaryBasis": 452700,
    "surplus": 1260000,
    "total": 915267,
  },
  Object {
    "dividends": 641909,
    "grossIncome": 341725,
    "netIncome": 273349,
    "salaryAboveSevenG": false,
    "salaryBasis": 442700,
    "surplus": 1270000,
    "total": 915258,
  },
  Object {
    "dividends": 646964,
    "grossIncome": 334056,
    "netIncome": 268288,
    "salaryAboveSevenG": false,
    "salaryBasis": 432700,
    "surplus": 1280000,
    "total": 915252,
  },
  Object {
    "dividends": 652018,
    "grossIncome": 326388,
    "netIncome": 263227,
    "salaryAboveSevenG": false,
    "salaryBasis": 422700,
    "surplus": 1290000,
    "total": 915245,
  },
  Object {
    "dividends": 657072,
    "grossIncome": 318719,
    "netIncome": 258166,
    "salaryAboveSevenG": false,
    "salaryBasis": 412700,
    "surplus": 1300000,
    "total": 915238,
  },
  Object {
    "dividends": 662127,
    "grossIncome": 311051,
    "netIncome": 253104,
    "salaryAboveSevenG": false,
    "salaryBasis": 402700,
    "surplus": 1310000,
    "total": 915231,
  },
  Object {
    "dividends": 667181,
    "grossIncome": 303381,
    "netIncome": 248043,
    "salaryAboveSevenG": false,
    "salaryBasis": 392700,
    "surplus": 1320000,
    "total": 915224,
  },
  Object {
    "dividends": 672236,
    "grossIncome": 295713,
    "netIncome": 242982,
    "salaryAboveSevenG": false,
    "salaryBasis": 382700,
    "surplus": 1330000,
    "total": 915218,
  },
  Object {
    "dividends": 677290,
    "grossIncome": 288044,
    "netIncome": 237921,
    "salaryAboveSevenG": false,
    "salaryBasis": 372700,
    "surplus": 1340000,
    "total": 915211,
  },
  Object {
    "dividends": 682344,
    "grossIncome": 280376,
    "netIncome": 232859,
    "salaryAboveSevenG": false,
    "salaryBasis": 362700,
    "surplus": 1350000,
    "total": 915203,
  },
  Object {
    "dividends": 687399,
    "grossIncome": 272706,
    "netIncome": 227797,
    "salaryAboveSevenG": false,
    "salaryBasis": 352700,
    "surplus": 1360000,
    "total": 915196,
  },
  Object {
    "dividends": 692453,
    "grossIncome": 265038,
    "netIncome": 222670,
    "salaryAboveSevenG": false,
    "salaryBasis": 342700,
    "surplus": 1370000,
    "total": 915123,
  },
  Object {
    "dividends": 697508,
    "grossIncome": 257369,
    "netIncome": 217432,
    "salaryAboveSevenG": false,
    "salaryBasis": 332700,
    "surplus": 1380000,
    "total": 914940,
  },
  Object {
    "dividends": 702562,
    "grossIncome": 249701,
    "netIncome": 212195,
    "salaryAboveSevenG": false,
    "salaryBasis": 322700,
    "surplus": 1390000,
    "total": 914757,
  },
  Object {
    "dividends": 707616,
    "grossIncome": 242031,
    "netIncome": 206957,
    "salaryAboveSevenG": false,
    "salaryBasis": 312700,
    "surplus": 1400000,
    "total": 914573,
  },
  Object {
    "dividends": 712671,
    "grossIncome": 234363,
    "netIncome": 201247,
    "salaryAboveSevenG": false,
    "salaryBasis": 302700,
    "surplus": 1410000,
    "total": 913918,
  },
  Object {
    "dividends": 717725,
    "grossIncome": 226694,
    "netIncome": 195234,
    "salaryAboveSevenG": false,
    "salaryBasis": 292700,
    "surplus": 1420000,
    "total": 912959,
  },
  Object {
    "dividends": 722780,
    "grossIncome": 219026,
    "netIncome": 189220,
    "salaryAboveSevenG": false,
    "salaryBasis": 282700,
    "surplus": 1430000,
    "total": 912000,
  },
  Object {
    "dividends": 727834,
    "grossIncome": 211356,
    "netIncome": 183205,
    "salaryAboveSevenG": false,
    "salaryBasis": 272700,
    "surplus": 1440000,
    "total": 911039,
  },
  Object {
    "dividends": 732888,
    "grossIncome": 203688,
    "netIncome": 177192,
    "salaryAboveSevenG": false,
    "salaryBasis": 262700,
    "surplus": 1450000,
    "total": 910080,
  },
  Object {
    "dividends": 737943,
    "grossIncome": 196019,
    "netIncome": 171178,
    "salaryAboveSevenG": false,
    "salaryBasis": 252700,
    "surplus": 1460000,
    "total": 909121,
  },
  Object {
    "dividends": 742997,
    "grossIncome": 188351,
    "netIncome": 165130,
    "salaryAboveSevenG": false,
    "salaryBasis": 242700,
    "surplus": 1470000,
    "total": 908127,
  },
  Object {
    "dividends": 748052,
    "grossIncome": 180681,
    "netIncome": 158986,
    "salaryAboveSevenG": false,
    "salaryBasis": 232700,
    "surplus": 1480000,
    "total": 907038,
  },
  Object {
    "dividends": 753106,
    "grossIncome": 173013,
    "netIncome": 152841,
    "salaryAboveSevenG": false,
    "salaryBasis": 222700,
    "surplus": 1490000,
    "total": 905947,
  },
  Object {
    "dividends": 758160,
    "grossIncome": 165344,
    "netIncome": 146698,
    "salaryAboveSevenG": false,
    "salaryBasis": 212700,
    "surplus": 1500000,
    "total": 904858,
  },
  Object {
    "dividends": 763215,
    "grossIncome": 157676,
    "netIncome": 140553,
    "salaryAboveSevenG": false,
    "salaryBasis": 202700,
    "surplus": 1510000,
    "total": 903768,
  },
  Object {
    "dividends": 768269,
    "grossIncome": 150006,
    "netIncome": 134409,
    "salaryAboveSevenG": false,
    "salaryBasis": 192700,
    "surplus": 1520000,
    "total": 902678,
  },
  Object {
    "dividends": 773324,
    "grossIncome": 142338,
    "netIncome": 128265,
    "salaryAboveSevenG": false,
    "salaryBasis": 182700,
    "surplus": 1530000,
    "total": 901589,
  },
  Object {
    "dividends": 778378,
    "grossIncome": 134669,
    "netIncome": 122121,
    "salaryAboveSevenG": false,
    "salaryBasis": 172700,
    "surplus": 1540000,
    "total": 900499,
  },
  Object {
    "dividends": 783432,
    "grossIncome": 127001,
    "netIncome": 115977,
    "salaryAboveSevenG": false,
    "salaryBasis": 162700,
    "surplus": 1550000,
    "total": 899409,
  },
  Object {
    "dividends": 788487,
    "grossIncome": 119332,
    "netIncome": 109833,
    "salaryAboveSevenG": false,
    "salaryBasis": 152700,
    "surplus": 1560000,
    "total": 898320,
  },
  Object {
    "dividends": 793541,
    "grossIncome": 111664,
    "netIncome": 103689,
    "salaryAboveSevenG": false,
    "salaryBasis": 142700,
    "surplus": 1570000,
    "total": 897230,
  },
  Object {
    "dividends": 798596,
    "grossIncome": 103842,
    "netIncome": 97422,
    "salaryAboveSevenG": false,
    "salaryBasis": 132700,
    "surplus": 1580000,
    "total": 896018,
  },
  Object {
    "dividends": 803650,
    "grossIncome": 96017,
    "netIncome": 91152,
    "salaryAboveSevenG": false,
    "salaryBasis": 122700,
    "surplus": 1590000,
    "total": 894802,
  },
  Object {
    "dividends": 808704,
    "grossIncome": 88192,
    "netIncome": 84883,
    "salaryAboveSevenG": false,
    "salaryBasis": 112700,
    "surplus": 1600000,
    "total": 893587,
  },
  Object {
    "dividends": 813759,
    "grossIncome": 80366,
    "netIncome": 78613,
    "salaryAboveSevenG": false,
    "salaryBasis": 102700,
    "surplus": 1610000,
    "total": 892372,
  },
  Object {
    "dividends": 818813,
    "grossIncome": 72541,
    "netIncome": 72343,
    "salaryAboveSevenG": false,
    "salaryBasis": 92700,
    "surplus": 1620000,
    "total": 891156,
  },
  Object {
    "dividends": 823868,
    "grossIncome": 64716,
    "netIncome": 66521,
    "salaryAboveSevenG": false,
    "salaryBasis": 82700,
    "surplus": 1630000,
    "total": 890389,
  },
  Object {
    "dividends": 828922,
    "grossIncome": 56891,
    "netIncome": 61043,
    "salaryAboveSevenG": false,
    "salaryBasis": 72700,
    "surplus": 1640000,
    "total": 889965,
  },
  Object {
    "dividends": 833976,
    "grossIncome": 49065,
    "netIncome": 55565,
    "salaryAboveSevenG": false,
    "salaryBasis": 62700,
    "surplus": 1650000,
    "total": 889541,
  },
  Object {
    "dividends": 839031,
    "grossIncome": 41240,
    "netIncome": 50088,
    "salaryAboveSevenG": false,
    "salaryBasis": 52700,
    "surplus": 1660000,
    "total": 889119,
  },
  Object {
    "dividends": 844085,
    "grossIncome": 33415,
    "netIncome": 44610,
    "salaryAboveSevenG": false,
    "salaryBasis": 42700,
    "surplus": 1670000,
    "total": 888695,
  },
  Object {
    "dividends": 849140,
    "grossIncome": 25590,
    "netIncome": 39133,
    "salaryAboveSevenG": false,
    "salaryBasis": 32700,
    "surplus": 1680000,
    "total": 888273,
  },
  Object {
    "dividends": 854194,
    "grossIncome": 17764,
    "netIncome": 33654,
    "salaryAboveSevenG": false,
    "salaryBasis": 22700,
    "surplus": 1690000,
    "total": 887848,
  },
  Object {
    "dividends": 859248,
    "grossIncome": 9939,
    "netIncome": 28177,
    "salaryAboveSevenG": false,
    "salaryBasis": 12700,
    "surplus": 1700000,
    "total": 887425,
  },
]
`;
