// Jest Snapshot v1, https://goo.gl/fbAQLP

exports[`calculations should have initial state 1`] = `
Object {
  "afterTotal": 842620,
  "dividends": Object {
    "afterDividendsTax": 0,
    "dividends": 0,
    "dividendsTax": 0,
    "surplus": 0,
    "surplusTax": 0,
    "upwardsAdjustment": 0,
  },
  "salary": Object {
    "companyIncome": 1712700,
    "employerFee": 211648,
    "income": 1315701,
    "pension": 24524,
    "surplus": 0,
    "theCut": 190300,
    "totalCuts": 587299,
    "turnover": 1903000,
    "vacationSavings": 160827,
    "withoutEmployerFee": 1501052,
    "withoutPension": 1315701,
    "withoutSurplus": 1712700,
    "withoutVacationSavings": 1340225,
  },
  "tax": Object {
    "afterTax": 842620,
    "commonIncome": 1141101,
    "income": 1315701,
    "incomeTax": 251042,
    "minimumDeduction": 109950,
    "personalAllowance": 64650,
    "socialSecurityDeduction": 105256,
    "step1": 1318,
    "step2": 15036,
    "step3": 43603,
    "step4": 56826,
    "step5": 0,
    "totalTax": 473081,
  },
}
`;
