// Jest Snapshot v1, https://goo.gl/fbAQLP

exports[`App should render 1`] = `
Array [
  <SalaryCalculations />,
  <TaxCalculations />,
  <SurplusGraph />,
  <Summary />,
  <SalaryParameters />,
  <GitHub />,
]
`;
