// Jest Snapshot v1, https://goo.gl/fbAQLP

exports[`SalaryCalculations should render 1`] = `
<Section
  header="Salary calculations"
>
  <Table>
    <TableBody>
      <TaxRow
        description="Turnover"
        sum="$141,414.00"
      />
      <TaxRow
        amount="$131,313.00"
        description="Subcontractor cut"
        minus={true}
        sum="$101,010.00"
      />
      <TaxRow
        amount="$191,919.00"
        description="Surplus"
        minus={true}
        sum="$202,020.00"
      />
      <TaxRow
        amount="$111,111.00"
        description="Employer fee"
        minus={true}
        sum="$161,616.00"
      />
      <TaxRow
        amount="$151,515.00"
        description="Vacation savings"
        minus={true}
        sum="$181,818.00"
      />
      <TaxRow
        amount="$121,212.00"
        description="Pension"
        minus={true}
        sum="$171,717.00"
      />
      <TaxRow
        description="Income"
        sum="$171,717.00"
      />
    </TableBody>
  </Table>
</Section>
`;
