// Jest Snapshot v1, https://goo.gl/fbAQLP

exports[`SalaryParametersComponent should render 1`] = `
<Section
  expanded={true}
  header="Parameters"
>
  <form
    onSubmit={[Function]}
    style={
      Object {
        "alignItems": "flex-start",
        "display": "flex",
      }
    }
  >
    <FormGroup
      header="Turnover"
    >
      <InputWithLabel
        label="Hours per year"
        name="hoursPerYear"
      />
      <InputWithLabel
        label="Hour rate"
        name="hourRate"
      />
    </FormGroup>
    <FormGroup
      header="Subcontractor"
    >
      <InputWithLabel
        label="Cut (%)"
        name="cut"
      />
    </FormGroup>
    <FormGroup
      header="Employer Fee"
    >
      <Checkbox
        label="Include in calculation"
        name="employerFee.include"
      />
      <InputWithLabel
        label="(%)"
        name="employerFee.rate"
      />
    </FormGroup>
    <FormGroup
      header="Vacation savings"
    >
      <Checkbox
        label="Include in calculation"
        name="vacationSavings.include"
      />
      <InputWithLabel
        label="(%)"
        name="vacationSavings.rate"
      />
    </FormGroup>
    <FormGroup
      header="Pension"
    >
      <Checkbox
        label="Include in calculation"
        name="pension.include"
      />
      <InputWithLabel
        label="(%) (1G-7.1G)"
        name="pension.step1.rate"
      />
      <InputWithLabel
        label="(%) (7.1G-12G)"
        name="pension.step2.rate"
      />
    </FormGroup>
    <FormGroup
      header="Surplus"
    >
      <Checkbox
        label="Include in calculation"
        name="surplus.include"
      />
      <InputWithLabel
        label="Amount"
        name="surplus.amount"
      />
    </FormGroup>
    <FormGroup
      header="Language"
    >
      <RadioGroup
        name="locale"
      >
        <FormControlLabel
          control={<Radio />}
          label="English"
          value="en"
        />
        <FormControlLabel
          control={<Radio />}
          label="Norsk"
          value="nb"
        />
      </RadioGroup>
    </FormGroup>
    <Button
      disabled={false}
      type="submit"
    >
      Calculate salary
    </Button>
  </form>
</Section>
`;
