// Jest Snapshot v1, https://goo.gl/fbAQLP

exports[`Summary should render 1`] = `
<Section
  expanded={true}
  header="Summary"
>
  <Table>
    <TableBody>
      <TaxRow
        description="Turnover"
        sum="$111,111.00"
      />
      <TaxRow
        amount="$666,666.00"
        description="Income"
        minus={true}
        sum="$222,222.00"
      />
      <TaxRow
        amount="$444,444.00"
        description="Total tax"
        minus={true}
        sum="$555,555.00"
      />
      <TaxRow
        amount="$555,555.00"
        description="Income"
      />
      <TaxRow
        amount="$777,777.00"
        description="Dividends"
      />
      <TaxRow
        description="Total income"
        sum="$888,888.00"
      />
    </TableBody>
  </Table>
</Section>
`;
