// Jest Snapshot v1, https://goo.gl/fbAQLP

exports[`salary getSalaryCalculations should match snapshot 1`] = `
Object {
  "companyIncome": 1712700,
  "employerFee": 211648,
  "income": 1318257,
  "pension": 21968,
  "surplus": 0,
  "theCut": 190300,
  "totalCuts": 584743,
  "turnover": 1903000,
  "vacationSavings": 160827,
  "withoutEmployerFee": 1501052,
  "withoutPension": 1318257,
  "withoutSurplus": 1712700,
  "withoutVacationSavings": 1340225,
}
`;
